// Jest Snapshot v1, https://goo.gl/fbAQLP

exports[`search reducer should return the initial state 1`] = `
Object {
  "allEntries": Array [],
  "allPois": Array [],
  "finishedEntryLoading": false,
  "finishedEntrySearchLoading": false,
  "finishedFirstLoading": 0,
  "finishedSearchLoading": false,
  "resetSearch": false,
  "searchEntryResults": Array [],
  "searchResults": Array [],
}
`;
